Creating tag tag_1... ok
Creating tag tag_2... ok
Creating tag tag_3... ok
Copying payload file /tmp/path/to/payload/data1/domain_1/3176afe8baa90e9a6e488c67dde6e125_payload_00.data...
Copying payload file /tmp/path/to/payload/data1/domain_2/e88061f1bb6627db9e99c278f0cc7572_payload_01.data...
Copying payload file /tmp/path/to/payload/data1/domain_1/56ee22fc91d3576aa69547118bb65c5e_payload_10.data...
Copying payload file /tmp/path/to/payload/data1/domain_2/2aaf8466b7baa9333d9b083ad1dae031_payload_11.data...
Copying payload file /tmp/path/to/payload/data1/domain_3/139673081dcedf4f67f7248c94eca4e7_payload_N0.data...
tag_1
tag_2
tag_3
domain_1
domain_2
domain_3
/tmp/path/to/payload/data1/domain_1/3176afe8baa90e9a6e488c67dde6e125_payload_00.data
/tmp/path/to/payload/data1/domain_2/e88061f1bb6627db9e99c278f0cc7572_payload_01.data
/tmp/path/to/payload/data1/domain_1/3176afe8baa90e9a6e488c67dde6e125_payload_00.data
/tmp/path/to/payload/data1/domain_1/3176afe8baa90e9a6e488c67dde6e125_payload_00.data
/tmp/path/to/payload/data1/domain_2/e88061f1bb6627db9e99c278f0cc7572_payload_01.data
/tmp/path/to/payload/data1/domain_1/3176afe8baa90e9a6e488c67dde6e125_payload_00.data
Error: FileExistsError No payload file was found in any prefix
/tmp/path/to/payload/data1/domain_1/56ee22fc91d3576aa69547118bb65c5e_payload_10.data
/tmp/path/to/payload/data1/domain_2/2aaf8466b7baa9333d9b083ad1dae031_payload_11.data
Error: FileExistsError No payload file was found in any prefix
